// Jest Snapshot v1, https://goo.gl/fbAQLP

exports[`Component 组件快照、服务共享 1`] = `<div class="container" style="background: rgb(105, 192, 255);"><span class="title">counter2:</span><button class="decrementBtn" type="button">-</button><span class="countNum">5</span><button class="incrementBtn" type="button">+</button></div>`;
